[2026-08-19 19:22:31] [INFO] Inicializando proceso de configuracion de Windows 11...
[2026-08-19 19:22:31] [WARNING] [MODO SIMULACION ACTIVADO] No se realizaran cambios reales en el sistema.
[2026-08-19 19:22:31] [INFO] Unidad de destino configurada: C:
[2026-08-19 19:22:31] [INFO] Ejecutando diagnostico del sistema...
[2026-08-19 19:22:31] [INFO] Se detectaron 6 aplicaciones modulares en 'apps/'.
[2026-08-19 19:22:31] [INFO] [MODO PRUEBA DESATENDIDO] Seleccionando todas las aplicaciones disponibles...
[2026-08-19 19:22:31] [INFO] --- Procesando: Everything (Voidtools Fast Search) ---
[2026-08-19 19:22:31] [INFO] La aplicacion 'Everything (Voidtools Fast Search)' ya se encuentra instalada en el sistema.
[2026-08-19 19:22:31] [INFO] Aplicando configuracion directa para 'Everything (Voidtools Fast Search)'...
[2026-08-19 19:22:31] [INFO] [SIMULACION] Se aplicaria la configuracion directa de 'Everything (Voidtools Fast Search)' (A:\Proyectos\windows-config\apps\utilidades\everything).
[2026-08-19 19:22:31] [INFO] --- Procesando: Oh My Posh Prompt Engine ---
[2026-08-19 19:22:31] [INFO] La aplicacion 'Oh My Posh Prompt Engine' ya se encuentra instalada en el sistema.
[2026-08-19 19:22:31] [INFO] Aplicando configuracion directa para 'Oh My Posh Prompt Engine'...
[2026-08-19 19:22:31] [INFO] [SIMULACION] Se aplicaria la configuracion directa de 'Oh My Posh Prompt Engine' (A:\Proyectos\windows-config\apps\ux_ui\ohmyposh).
[2026-08-19 19:22:31] [INFO] --- Procesando: PowerShell 7 & Terminal Environment ---
[2026-08-19 19:22:31] [INFO] La aplicacion 'PowerShell 7 & Terminal Environment' ya se encuentra instalada en el sistema.
[2026-08-19 19:22:31] [INFO] Aplicando configuracion directa para 'PowerShell 7 & Terminal Environment'...
[2026-08-19 19:22:31] [INFO] [SIMULACION] Se aplicaria la configuracion directa de 'PowerShell 7 & Terminal Environment' (A:\Proyectos\windows-config\apps\ux_ui\powershell).
[2026-08-19 19:22:31] [INFO] --- Procesando: Git for Windows ---
[2026-08-19 19:22:31] [INFO] La aplicacion 'Git for Windows' ya se encuentra instalada en el sistema.
[2026-08-19 19:22:31] [INFO] Aplicando configuracion directa para 'Git for Windows'...
[2026-08-19 19:22:31] [INFO] [SIMULACION] Se aplicaria la configuracion directa de 'Git for Windows' (A:\Proyectos\windows-config\apps\herramientas\git).
[2026-08-19 19:22:31] [INFO] --- Procesando: Microsoft PowerToys ---
[2026-08-19 19:22:31] [INFO] La aplicacion 'Microsoft PowerToys' ya se encuentra instalada en el sistema.
[2026-08-19 19:22:31] [INFO] Aplicando configuracion directa para 'Microsoft PowerToys'...
[2026-08-19 19:22:31] [INFO] [SIMULACION] Se aplicaria la configuracion directa de 'Microsoft PowerToys' (A:\Proyectos\windows-config\apps\utilidades\powertoys).
[2026-08-19 19:22:31] [INFO] --- Procesando: Everything Plugin for PowerToys Run ---
[2026-08-19 19:22:31] [INFO] La aplicacion 'Everything Plugin for PowerToys Run' ya se encuentra instalada en el sistema.
[2026-08-19 19:22:31] [INFO] Aplicando configuracion directa para 'Everything Plugin for PowerToys Run'...
[2026-08-19 19:22:31] [INFO] [SIMULACION] Se aplicaria la configuracion directa de 'Everything Plugin for PowerToys Run' (A:\Proyectos\windows-config\apps\utilidades\everything_powertoys).
[2026-08-19 19:22:31] [SUCCESS] Proceso finalizado con exito. Registro exclusivo guardado en: A:\Proyectos\windows-config\logs\configurador_20260819_192231.log
