[2026-07-22 20:39:51] [INFO] Inicializando proceso de configuracion de Windows 11...
[2026-07-22 20:39:51] [WARNING] [MODO SIMULACION ACTIVADO] No se realizaran cambios reales en el sistema.
[2026-07-22 20:39:51] [INFO] Unidad de destino configurada: C:
[2026-07-22 20:39:51] [INFO] Ejecutando diagnostico del sistema...
[2026-07-22 20:39:52] [INFO] Se detectaron 3 aplicaciones modulares disponibles.
[2026-07-22 20:39:52] [INFO] [MODO PRUEBA DESATENDIDO] Seleccionando todas las aplicaciones disponibles para verificacion...
[2026-07-22 20:39:52] [INFO] --- Procesando: Git for Windows ---
[2026-07-22 20:39:58] [INFO] Inicializando proceso de configuracion de Windows 11...
[2026-07-22 20:39:58] [WARNING] [MODO SIMULACION ACTIVADO] No se realizaran cambios reales en el sistema.
[2026-07-22 20:39:58] [INFO] Unidad de destino configurada: C:
[2026-07-22 20:39:58] [INFO] Ejecutando diagnostico del sistema...
[2026-07-22 20:40:00] [INFO] Se detectaron 3 aplicaciones modulares disponibles.
[2026-07-22 20:40:00] [INFO] [MODO PRUEBA DESATENDIDO] Seleccionando todas las aplicaciones disponibles para verificacion...
[2026-07-22 20:40:00] [INFO] --- Procesando: Git for Windows ---
[2026-07-22 20:40:00] [INFO] La aplicacion 'Git for Windows' ya se encuentra instalada en el sistema.
[2026-07-22 20:40:00] [INFO] Aplicando configuracion directa para 'Git for Windows'...
[2026-07-22 20:40:00] [INFO] [SIMULACION] Se aplicaria la configuracion directa de 'Git for Windows' (Directorio: A:\Proyectos\windows-config\apps\herramientas\git).
[2026-07-22 20:40:00] [INFO] --- Procesando: 7-Zip ---
[2026-07-22 20:40:01] [INFO]  [SIMULACION] Se instalaria '7-Zip' (Winget ID: '7zip.7zip').
[2026-07-22 20:40:01] [INFO] Aplicando configuracion directa para '7-Zip'...
[2026-07-22 20:40:01] [INFO] [SIMULACION] Se aplicaria la configuracion directa de '7-Zip' (Directorio: A:\Proyectos\windows-config\apps\utilidades\7zip).
[2026-07-22 20:40:01] [INFO] --- Procesando: PowerShell 7 & Terminal ---
[2026-07-22 20:40:01] [INFO] La aplicacion 'PowerShell 7 & Terminal' ya se encuentra instalada en el sistema.
[2026-07-22 20:40:01] [INFO] Aplicando configuracion directa para 'PowerShell 7 & Terminal'...
[2026-07-22 20:40:01] [INFO] [SIMULACION] Se aplicaria la configuracion directa de 'PowerShell 7 & Terminal' (Directorio: A:\Proyectos\windows-config\apps\ux_ui\powershell).
[2026-07-22 20:40:01] [SUCCESS] Proceso del configurador finalizado. Revisa el registro completo en: A:\Proyectos\windows-config\core\..\logs\configurador_20260722.log
[2026-07-22 20:52:05] [INFO] Inicializando proceso de configuracion de Windows 11...
[2026-07-22 20:52:05] [WARNING] [MODO SIMULACION ACTIVADO] No se realizaran cambios reales en el sistema.
[2026-07-22 20:52:05] [INFO] Unidad de destino configurada: C:
[2026-07-22 20:52:05] [INFO] Ejecutando diagnostico del sistema...
[2026-07-22 20:52:05] [INFO] Se detectaron 6 aplicaciones modulares disponibles.
[2026-07-22 20:52:05] [INFO] [MODO PRUEBA DESATENDIDO] Seleccionando todas las aplicaciones disponibles para verificacion...
[2026-07-22 20:52:05] [INFO] --- Procesando: FFmpeg Multimedia Tools ---
[2026-07-22 20:52:05] [INFO] La aplicacion 'FFmpeg Multimedia Tools' ya se encuentra instalada (Comando: 'ffmpeg').
[2026-07-22 20:52:05] [INFO] Aplicando configuracion directa para 'FFmpeg Multimedia Tools'...
[2026-07-22 20:52:05] [INFO] [SIMULACION] Se aplicaria la configuracion directa de 'FFmpeg Multimedia Tools' (A:\Proyectos\windows-config\apps\herramientas\ffmpeg).
[2026-07-22 20:52:05] [INFO] --- Procesando: Git for Windows ---
[2026-07-22 20:52:05] [INFO] [SIMULACION] Se instalaria 'Git for Windows' (Tipo: winget, Winget ID: None, Local: None).
[2026-07-22 20:52:05] [INFO] Aplicando configuracion directa para 'Git for Windows'...
[2026-07-22 20:52:05] [INFO] [SIMULACION] Se aplicaria la configuracion directa de 'Git for Windows' (A:\Proyectos\windows-config\apps\herramientas\git).
[2026-07-22 20:52:05] [INFO] --- Procesando: Visual Studio Code ---
[2026-07-22 20:52:05] [INFO] La aplicacion 'Visual Studio Code' ya se encuentra instalada (Comando: 'code').
[2026-07-22 20:52:05] [INFO] Aplicando configuracion directa para 'Visual Studio Code'...
[2026-07-22 20:52:05] [INFO] [SIMULACION] Se aplicaria la configuracion directa de 'Visual Studio Code' (A:\Proyectos\windows-config\apps\ides\vscode).
[2026-07-22 20:52:05] [INFO] --- Procesando: 7-Zip ---
[2026-07-22 20:52:05] [INFO] [SIMULACION] Se instalaria '7-Zip' (Tipo: winget, Winget ID: None, Local: None).
[2026-07-22 20:52:05] [INFO] Aplicando configuracion directa para '7-Zip'...
[2026-07-22 20:52:05] [INFO] [SIMULACION] Se aplicaria la configuracion directa de '7-Zip' (A:\Proyectos\windows-config\apps\utilidades\7zip).
[2026-07-22 20:52:05] [INFO] --- Procesando: Notepad++ ---
[2026-07-22 20:52:05] [INFO] [SIMULACION] Se instalaria 'Notepad++' (Tipo: exe, Winget ID: None, Local: npp.8.6.5.Installer.x64.exe).
[2026-07-22 20:52:05] [INFO] Aplicando configuracion directa para 'Notepad++'...
[2026-07-22 20:52:05] [INFO] [SIMULACION] Se aplicaria la configuracion directa de 'Notepad++' (A:\Proyectos\windows-config\apps\utilidades\notepadplusplus).
[2026-07-22 20:52:05] [INFO] --- Procesando: PowerShell 7 & Terminal ---
[2026-07-22 20:52:05] [INFO] [SIMULACION] Se instalaria 'PowerShell 7 & Terminal' (Tipo: winget, Winget ID: None, Local: None).
[2026-07-22 20:52:05] [INFO] Aplicando configuracion directa para 'PowerShell 7 & Terminal'...
[2026-07-22 20:52:05] [INFO] [SIMULACION] Se aplicaria la configuracion directa de 'PowerShell 7 & Terminal' (A:\Proyectos\windows-config\apps\ux_ui\powershell).
[2026-07-22 20:52:05] [SUCCESS] Proceso finalizado. Registro guardado en: A:\Proyectos\windows-config\logs\configurador_20260722.log
[2026-07-22 20:52:08] [INFO] Inicializando proceso de configuracion de Windows 11...
[2026-07-22 20:52:08] [WARNING] [MODO SIMULACION ACTIVADO] No se realizaran cambios reales en el sistema.
[2026-07-22 20:52:08] [INFO] Unidad de destino configurada: C:
[2026-07-22 20:52:08] [INFO] Ejecutando diagnostico del sistema...
[2026-07-22 20:52:09] [INFO] Se detectaron 6 aplicaciones modulares disponibles.
[2026-07-22 20:52:09] [INFO] [MODO PRUEBA DESATENDIDO] Seleccionando todas las aplicaciones disponibles para verificacion...
[2026-07-22 20:52:09] [INFO] --- Procesando: FFmpeg Multimedia Tools ---
[2026-07-22 20:52:09] [INFO] La aplicacion 'FFmpeg Multimedia Tools' ya se encuentra instalada en el sistema.
[2026-07-22 20:52:09] [INFO] Aplicando configuracion directa para 'FFmpeg Multimedia Tools'...
[2026-07-22 20:52:09] [INFO] [SIMULACION] Se aplicaria la configuracion directa de 'FFmpeg Multimedia Tools' (Directorio: A:\Proyectos\windows-config\apps\herramientas\ffmpeg).
[2026-07-22 20:52:09] [INFO] --- Procesando: Git for Windows ---
[2026-07-22 20:52:09] [INFO] La aplicacion 'Git for Windows' ya se encuentra instalada en el sistema.
[2026-07-22 20:52:09] [INFO] Aplicando configuracion directa para 'Git for Windows'...
[2026-07-22 20:52:09] [INFO] [SIMULACION] Se aplicaria la configuracion directa de 'Git for Windows' (Directorio: A:\Proyectos\windows-config\apps\herramientas\git).
[2026-07-22 20:52:09] [INFO] --- Procesando: Visual Studio Code ---
[2026-07-22 20:52:09] [INFO] La aplicacion 'Visual Studio Code' ya se encuentra instalada en el sistema.
[2026-07-22 20:52:09] [INFO] Aplicando configuracion directa para 'Visual Studio Code'...
[2026-07-22 20:52:09] [INFO] [SIMULACION] Se aplicaria la configuracion directa de 'Visual Studio Code' (Directorio: A:\Proyectos\windows-config\apps\ides\vscode).
[2026-07-22 20:52:09] [INFO] --- Procesando: 7-Zip ---
[2026-07-22 20:52:10] [INFO]  [SIMULACION] Se instalaria '7-Zip' (Winget ID: '7zip.7zip').
[2026-07-22 20:52:10] [INFO] Aplicando configuracion directa para '7-Zip'...
[2026-07-22 20:52:10] [INFO] [SIMULACION] Se aplicaria la configuracion directa de '7-Zip' (Directorio: A:\Proyectos\windows-config\apps\utilidades\7zip).
[2026-07-22 20:52:10] [INFO] --- Procesando: Notepad++ ---
[2026-07-22 20:52:10] [INFO]  [SIMULACION] Se instalaria 'Notepad++' (Winget ID: '').
[2026-07-22 20:52:10] [INFO] Aplicando configuracion directa para 'Notepad++'...
[2026-07-22 20:52:10] [INFO] [SIMULACION] Se aplicaria la configuracion directa de 'Notepad++' (Directorio: A:\Proyectos\windows-config\apps\utilidades\notepadplusplus).
[2026-07-22 20:52:10] [INFO] --- Procesando: PowerShell 7 & Terminal ---
[2026-07-22 20:52:10] [INFO] La aplicacion 'PowerShell 7 & Terminal' ya se encuentra instalada en el sistema.
[2026-07-22 20:52:10] [INFO] Aplicando configuracion directa para 'PowerShell 7 & Terminal'...
[2026-07-22 20:52:10] [INFO] [SIMULACION] Se aplicaria la configuracion directa de 'PowerShell 7 & Terminal' (Directorio: A:\Proyectos\windows-config\apps\ux_ui\powershell).
[2026-07-22 20:52:10] [SUCCESS] Proceso del configurador finalizado. Revisa el registro completo en: A:\Proyectos\windows-config\core\..\logs\configurador_20260722.log
[2026-07-22 20:53:04] [INFO] Inicializando proceso de configuracion de Windows 11...
[2026-07-22 20:53:04] [INFO] Unidad de destino configurada: C:
[2026-07-22 20:53:04] [INFO] Ejecutando diagnostico del sistema...
[2026-07-22 20:53:04] [INFO] Se detectaron 6 aplicaciones modulares disponibles.
[2026-07-22 20:53:18] [INFO] --- Procesando: 7-Zip ---
[2026-07-22 20:53:18] [ERROR] No fue posible instalar '7-Zip'. No hay instaladores validos disponibles.
[2026-07-22 20:53:18] [SUCCESS] Proceso finalizado. Registro guardado en: A:\Proyectos\windows-config\logs\configurador_20260722.log
[2026-07-22 20:55:54] [INFO] Inicializando proceso de configuracion de Windows 11...
[2026-07-22 20:55:54] [INFO] Unidad de destino configurada: C:
[2026-07-22 20:55:54] [INFO] Ejecutando diagnostico del sistema...
[2026-07-22 20:55:54] [INFO] Se detectaron 7 aplicaciones modulares disponibles.
[2026-07-22 20:56:02] [INFO] --- Procesando: PowerToys ---
[2026-07-22 20:56:02] [INFO] Iniciando instalacion de 'PowerToys' via Winget (ID: Microsoft.PowerToys)...
[2026-07-22 20:56:04] [WARNING] Winget devolvio codigo 2316632107. Probando fallback local...
[2026-07-22 20:56:04] [ERROR] No fue posible instalar 'PowerToys'. No hay instaladores validos disponibles.
[2026-07-22 20:56:04] [SUCCESS] Proceso finalizado. Registro guardado en: A:\Proyectos\windows-config\logs\configurador_20260722.log
[2026-07-22 20:57:12] [INFO] Inicializando proceso de configuracion de Windows 11...
[2026-07-22 20:57:12] [INFO] Unidad de destino configurada: C:
[2026-07-22 20:57:12] [INFO] Ejecutando diagnostico del sistema...
[2026-07-22 20:57:13] [INFO] Se detectaron 7 aplicaciones modulares disponibles.
[2026-07-22 20:59:24] [INFO] Inicializando proceso de configuracion de Windows 11...
[2026-07-22 20:59:24] [WARNING] [MODO SIMULACION ACTIVADO] No se realizaran cambios reales en el sistema.
[2026-07-22 20:59:24] [INFO] Unidad de destino configurada: C:
[2026-07-22 20:59:24] [INFO] Ejecutando diagnostico del sistema...
[2026-07-22 20:59:24] [INFO] Se detectaron 7 aplicaciones modulares disponibles.
[2026-07-22 20:59:24] [INFO] [MODO PRUEBA DESATENDIDO] Seleccionando todas las aplicaciones disponibles para verificacion...
[2026-07-22 20:59:24] [INFO] --- Procesando: FFmpeg Multimedia Tools ---
[2026-07-22 20:59:24] [INFO] La aplicacion 'FFmpeg Multimedia Tools' ya se encuentra instalada (Comando: 'ffmpeg').
[2026-07-22 20:59:24] [INFO] Aplicando configuracion directa para 'FFmpeg Multimedia Tools'...
[2026-07-22 20:59:24] [INFO] [SIMULACION] Se aplicaria la configuracion directa de 'FFmpeg Multimedia Tools' (A:\Proyectos\windows-config\apps\herramientas\ffmpeg).
[2026-07-22 20:59:24] [INFO] --- Procesando: Git for Windows ---
[2026-07-22 20:59:24] [INFO] [SIMULACION] Se instalaria 'Git for Windows' (Tipo: winget, Winget ID: None, Local: None).
[2026-07-22 20:59:24] [INFO] Aplicando configuracion directa para 'Git for Windows'...
[2026-07-22 20:59:24] [INFO] [SIMULACION] Se aplicaria la configuracion directa de 'Git for Windows' (A:\Proyectos\windows-config\apps\herramientas\git).
[2026-07-22 20:59:24] [INFO] --- Procesando: Visual Studio Code ---
[2026-07-22 20:59:24] [INFO] La aplicacion 'Visual Studio Code' ya se encuentra instalada (Comando: 'code').
[2026-07-22 20:59:24] [INFO] Aplicando configuracion directa para 'Visual Studio Code'...
[2026-07-22 20:59:24] [INFO] [SIMULACION] Se aplicaria la configuracion directa de 'Visual Studio Code' (A:\Proyectos\windows-config\apps\ides\vscode).
[2026-07-22 20:59:24] [INFO] --- Procesando: 7-Zip ---
[2026-07-22 20:59:24] [INFO] [SIMULACION] Se instalaria '7-Zip' (Tipo: winget, Winget ID: None, Local: None).
[2026-07-22 20:59:24] [INFO] Aplicando configuracion directa para '7-Zip'...
[2026-07-22 20:59:24] [INFO] [SIMULACION] Se aplicaria la configuracion directa de '7-Zip' (A:\Proyectos\windows-config\apps\utilidades\7zip).
[2026-07-22 20:59:24] [INFO] --- Procesando: Notepad++ ---
[2026-07-22 20:59:24] [INFO] [SIMULACION] Se instalaria 'Notepad++' (Tipo: exe, Winget ID: None, Local: npp.8.6.5.Installer.x64.exe).
[2026-07-22 20:59:24] [INFO] Aplicando configuracion directa para 'Notepad++'...
[2026-07-22 20:59:24] [INFO] [SIMULACION] Se aplicaria la configuracion directa de 'Notepad++' (A:\Proyectos\windows-config\apps\utilidades\notepadplusplus).
[2026-07-22 20:59:24] [INFO] --- Procesando: PowerToys ---
[2026-07-22 20:59:24] [INFO] [SIMULACION] Se instalaria 'PowerToys' (Tipo: winget, Winget ID: Microsoft.PowerToys, Local: None).
[2026-07-22 20:59:24] [INFO] --- Procesando: PowerShell 7 & Terminal ---
[2026-07-22 20:59:24] [INFO] [SIMULACION] Se instalaria 'PowerShell 7 & Terminal' (Tipo: winget, Winget ID: None, Local: None).
[2026-07-22 20:59:24] [INFO] Aplicando configuracion directa para 'PowerShell 7 & Terminal'...
[2026-07-22 20:59:24] [INFO] [SIMULACION] Se aplicaria la configuracion directa de 'PowerShell 7 & Terminal' (A:\Proyectos\windows-config\apps\ux_ui\powershell).
[2026-07-22 20:59:24] [SUCCESS] Proceso finalizado. Registro guardado en: A:\Proyectos\windows-config\logs\configurador_20260722.log
[2026-07-22 21:08:12] [INFO] Inicializando proceso de configuracion de Windows 11...
[2026-07-22 21:08:12] [INFO] Unidad de destino configurada: C:
[2026-07-22 21:08:12] [INFO] Ejecutando diagnostico del sistema...
[2026-07-22 21:08:13] [INFO] Se detectaron 7 aplicaciones modulares en 'apps/'.
[2026-07-22 21:08:13] [INFO] Seleccionada aplicación específica: 'PowerToys'
[2026-07-22 21:08:13] [INFO] --- Procesando: PowerToys ---
[2026-07-22 21:08:13] [INFO] La aplicacion 'PowerToys' ya se encuentra instalada en el sistema.
[2026-07-22 21:08:13] [SUCCESS] Proceso del configurador finalizado. Registro guardado en: A:\Proyectos\windows-config\logs\configurador_20260722.log
[2026-07-22 21:08:17] [INFO] Inicializando proceso de configuracion de Windows 11...
[2026-07-22 21:08:17] [WARNING] [MODO SIMULACION ACTIVADO] No se realizaran cambios reales en el sistema.
[2026-07-22 21:08:17] [INFO] Unidad de destino configurada: C:
[2026-07-22 21:08:17] [INFO] Ejecutando diagnostico del sistema...
[2026-07-22 21:08:17] [INFO] Se detectaron 7 aplicaciones modulares en 'apps/'.
[2026-07-22 21:08:17] [INFO] [MODO PRUEBA DESATENDIDO] Seleccionando todas las aplicaciones disponibles...
[2026-07-22 21:08:17] [INFO] --- Procesando: 7-Zip ---
[2026-07-22 21:08:17] [INFO] La aplicacion '7-Zip' ya se encuentra instalada en el sistema.
[2026-07-22 21:08:17] [INFO] Aplicando configuracion directa para '7-Zip'...
[2026-07-22 21:08:17] [INFO] [SIMULACION] Se aplicaria la configuracion directa de '7-Zip' (A:\Proyectos\windows-config\apps\utilidades\7zip).
[2026-07-22 21:08:17] [INFO] --- Procesando: FFmpeg Multimedia Tools ---
[2026-07-22 21:08:17] [INFO] La aplicacion 'FFmpeg Multimedia Tools' ya se encuentra instalada en el sistema.
[2026-07-22 21:08:17] [INFO] Aplicando configuracion directa para 'FFmpeg Multimedia Tools'...
[2026-07-22 21:08:17] [INFO] [SIMULACION] Se aplicaria la configuracion directa de 'FFmpeg Multimedia Tools' (A:\Proyectos\windows-config\apps\herramientas\ffmpeg).
[2026-07-22 21:08:17] [INFO] --- Procesando: Git for Windows ---
[2026-07-22 21:08:17] [INFO] La aplicacion 'Git for Windows' ya se encuentra instalada en el sistema.
[2026-07-22 21:08:17] [INFO] Aplicando configuracion directa para 'Git for Windows'...
[2026-07-22 21:08:17] [INFO] [SIMULACION] Se aplicaria la configuracion directa de 'Git for Windows' (A:\Proyectos\windows-config\apps\herramientas\git).
[2026-07-22 21:08:17] [INFO] --- Procesando: Notepad++ ---
[2026-07-22 21:08:17] [INFO] La aplicacion 'Notepad++' ya se encuentra instalada en el sistema.
[2026-07-22 21:08:17] [INFO] Aplicando configuracion directa para 'Notepad++'...
[2026-07-22 21:08:17] [INFO] [SIMULACION] Se aplicaria la configuracion directa de 'Notepad++' (A:\Proyectos\windows-config\apps\utilidades\notepadplusplus).
[2026-07-22 21:08:17] [INFO] --- Procesando: PowerShell 7 & Terminal ---
[2026-07-22 21:08:17] [INFO] La aplicacion 'PowerShell 7 & Terminal' ya se encuentra instalada en el sistema.
[2026-07-22 21:08:17] [INFO] Aplicando configuracion directa para 'PowerShell 7 & Terminal'...
[2026-07-22 21:08:17] [INFO] [SIMULACION] Se aplicaria la configuracion directa de 'PowerShell 7 & Terminal' (A:\Proyectos\windows-config\apps\ux_ui\powershell).
[2026-07-22 21:08:17] [INFO] --- Procesando: PowerToys ---
[2026-07-22 21:08:17] [INFO] La aplicacion 'PowerToys' ya se encuentra instalada en el sistema.
[2026-07-22 21:08:17] [INFO] --- Procesando: Visual Studio Code ---
[2026-07-22 21:08:17] [INFO] La aplicacion 'Visual Studio Code' ya se encuentra instalada en el sistema.
[2026-07-22 21:08:17] [INFO] Aplicando configuracion directa para 'Visual Studio Code'...
[2026-07-22 21:08:17] [INFO] [SIMULACION] Se aplicaria la configuracion directa de 'Visual Studio Code' (A:\Proyectos\windows-config\apps\ides\vscode).
[2026-07-22 21:08:17] [SUCCESS] Proceso del configurador finalizado. Registro guardado en: A:\Proyectos\windows-config\logs\configurador_20260722.log
[2026-07-22 21:08:20] [INFO] Inicializando proceso de configuracion de Windows 11...
[2026-07-22 21:08:20] [INFO] Unidad de destino configurada: C:
[2026-07-22 21:08:20] [INFO] Ejecutando diagnostico del sistema...
[2026-07-22 21:08:20] [INFO] Se detectaron 7 aplicaciones modulares en 'apps/'.
[2026-07-22 21:08:20] [INFO] Seleccionada aplicación específica: 'PowerToys'
[2026-07-22 21:08:20] [INFO] --- Procesando: PowerToys ---
[2026-07-22 21:08:20] [INFO] La aplicacion 'PowerToys' ya se encuentra instalada en el sistema.
[2026-07-22 21:08:20] [SUCCESS] Proceso del configurador finalizado. Registro guardado en: A:\Proyectos\windows-config\logs\configurador_20260722.log
[2026-07-22 21:09:17] [INFO] Inicializando proceso de configuracion de Windows 11...
[2026-07-22 21:09:17] [INFO] Unidad de destino configurada: C:
[2026-07-22 21:09:17] [INFO] Ejecutando diagnostico del sistema...
[2026-07-22 21:09:17] [INFO] Se detectaron 7 aplicaciones modulares en 'apps/'.
[2026-07-22 21:09:39] [INFO] --- Procesando: PowerToys ---
[2026-07-22 21:09:39] [INFO] La aplicacion 'PowerToys' ya se encuentra instalada en el sistema.
[2026-07-22 21:09:39] [SUCCESS] Proceso del configurador finalizado. Registro guardado en: A:\Proyectos\windows-config\logs\configurador_20260722.log
[2026-07-22 21:09:41] [INFO] Inicializando proceso de configuracion de Windows 11...
[2026-07-22 21:09:41] [INFO] Unidad de destino configurada: C:
[2026-07-22 21:09:41] [INFO] Ejecutando diagnostico del sistema...
[2026-07-22 21:09:42] [INFO] Se detectaron 7 aplicaciones modulares en 'apps/'.
[2026-07-22 21:09:45] [INFO] --- Procesando: Visual Studio Code ---
[2026-07-22 21:09:45] [INFO] La aplicacion 'Visual Studio Code' ya se encuentra instalada en el sistema.
[2026-07-22 21:09:45] [INFO] Aplicando configuracion directa para 'Visual Studio Code'...
[2026-07-22 21:09:45] [WARNING] Generando copia de respaldo en 'C:\Users\Daniel\AppData\Roaming\Code\User\settings.json.bak_20260722_210945'...
[2026-07-22 21:09:45] [INFO] Desplegando archivo 'settings.json' -> 'C:\Users\Daniel\AppData\Roaming\Code\User\settings.json'...
[2026-07-22 21:09:45] [INFO] Ejecutando hook configure.ps1 (A:\Proyectos\windows-config\apps\ides\vscode\configure.ps1)...
[2026-07-22 21:09:46] [INFO] Ejecutando comando de post-instalacion: 'code --install-extension ms-python.python --force'...
[2026-07-22 21:09:47] [SUCCESS] Configuracion directa de 'Visual Studio Code' finalizada con exito.
[2026-07-22 21:09:47] [SUCCESS] Proceso del configurador finalizado. Registro guardado en: A:\Proyectos\windows-config\logs\configurador_20260722.log
